******************************************************************************
            TI ARM Clang Linker PC v3.2.2                      
******************************************************************************
>> Linked Fri May  2 19:56:14 2025

OUTPUT FILE NAME:   <empty_LP_MSPM0L1306_nortos_ticlang.out>
ENTRY POINT SYMBOL: "_c_int00_noargs"  address: 00000169


MEMORY CONFIGURATION

         name            origin    length      used     unused   attr    fill
----------------------  --------  ---------  --------  --------  ----  --------
  FLASH                 00000000   0000fff8  00000230  0000fdc8  R  X
  SRAM                  20000000   00001000  00000110  00000ef0  RW X
  BCR_CONFIG            41c00000   00000080  00000000  00000080  R   
  BSL_CONFIG            41c00100   00000080  00000000  00000080  R   


SEGMENT ALLOCATION MAP

run origin  load origin   length   init length attrs members
----------  ----------- ---------- ----------- ----- -------
00000000    00000000    00000230   00000230    r-x
  00000000    00000000    000000c0   000000c0    r-- .intvecs
  000000c0    000000c0    00000158   00000158    r-x .text
  00000218    00000218    00000018   00000018    r-- .cinit
20000000    20000000    00000010   00000000    rw-
  20000000    20000000    00000010   00000000    rw- .bss
20000f00    20000f00    00000100   00000000    rw-
  20000f00    20000f00    00000100   00000000    rw- .stack


SECTION ALLOCATION MAP

 output                                  attributes/
section   page    origin      length       input sections
--------  ----  ----------  ----------   ----------------
.intvecs   0    00000000    000000c0     
                  00000000    000000c0     startup_mspm0l130x_ticlang.o (.intvecs)

.text      0    000000c0    00000158     
                  000000c0    0000003c     empty.o (.text.main)
                  000000fc    0000003c     libc.a : autoinit.c.obj (.text:__TI_auto_init_nobinit_nopinit)
                  00000138    00000030     iqmath.a : _IQNtoF.o (.text._IQ24toF)
                  00000168    00000028     libc.a : boot_cortex_m.c.obj (.text:_c_int00_noargs)
                  00000190    00000024     ti_msp_dl_config.o (.text.SYSCFG_DL_SYSCTL_init)
                  000001b4    00000020     ti_msp_dl_config.o (.text.SYSCFG_DL_initPower)
                  000001d4    00000016     libc.a : copy_zero_init.c.obj (.text:decompress:ZI:__TI_zero_init_nomemset)
                  000001ea    00000010     ti_msp_dl_config.o (.text.SYSCFG_DL_init)
                  000001fa    0000000a     driverlib.a : dl_common.o (.text.DL_Common_delayCycles)
                  00000204    00000004     startup_mspm0l130x_ticlang.o (.text.Reset_Handler)
                  00000208    00000004     libc.a : pre_init.c.obj (.text._system_pre_init)
                  0000020c    00000004            : exit.c.obj (.text:abort)
                  00000210    00000002     startup_mspm0l130x_ticlang.o (.text.Default_Handler)
                  00000212    00000002     ti_msp_dl_config.o (.text.SYSCFG_DL_GPIO_init)
                  00000214    00000004     --HOLE-- [fill = 0]

.cinit     0    00000218    00000018     
                  00000218    00000008     (.cinit..bss.load) [load image, compression = zero_init]
                  00000220    00000004     (__TI_handler_table)
                  00000224    00000008     (__TI_cinit_table)
                  0000022c    00000004     --HOLE-- [fill = 0]

.init_array 
*          0    00000000    00000000     UNINITIALIZED

.binit     0    00000000    00000000     

.bss       0    20000000    00000010     UNINITIALIZED
                  20000000    00000004     (.common:qA)
                  20000004    00000004     (.common:qB)
                  20000008    00000004     (.common:qC)
                  2000000c    00000004     (.common:res)

.stack     0    20000f00    00000100     UNINITIALIZED
                  20000f00    00000004     libc.a : boot_cortex_m.c.obj (.stack)
                  20000f04    000000fc     --HOLE--

__llvm_prf_cnts 
*          0    20000000    00000000     UNINITIALIZED

__llvm_prf_bits 
*          0    20000000    00000000     UNINITIALIZED

MODULE SUMMARY

       Module                         code   ro data   rw data
       ------                         ----   -------   -------
    .\
       startup_mspm0l130x_ticlang.o   6      192       0      
       ti_msp_dl_config.o             86     0         0      
       empty.o                        60     0         16     
    +--+------------------------------+------+---------+---------+
       Total:                         152    192       16     
                                                              
    C:/ti/mspm0_sdk_2_01_00_03/source/ti/driverlib/lib/ticlang/m0p/mspm0l11xx_l13xx/driverlib.a
       dl_common.o                    10     0         0      
    +--+------------------------------+------+---------+---------+
       Total:                         10     0         0      
                                                              
    C:/ti/mspm0_sdk_2_01_00_03/source/ti/iqmath/lib/ticlang/m0p/rts/iqmath.a
       _IQNtoF.o                      48     0         0      
    +--+------------------------------+------+---------+---------+
       Total:                         48     0         0      
                                                              
    C:\ti\ccstheia140\ccs\tools\compiler\ti-cgt-armllvm_3.2.2.LTS\lib\armv6m-ti-none-eabi/c/libc.a
       autoinit.c.obj                 60     0         0      
       boot_cortex_m.c.obj            40     0         0      
       copy_zero_init.c.obj           22     0         0      
       exit.c.obj                     4      0         0      
       pre_init.c.obj                 4      0         0      
    +--+------------------------------+------+---------+---------+
       Total:                         130    0         0      
                                                              
       Stack:                         0      0         256    
       Linker Generated:              0      20        0      
    +--+------------------------------+------+---------+---------+
       Grand Total:                   340    212       272    


LINKER GENERATED COPY TABLES

__TI_cinit_table @ 00000224 records: 1, size/record: 8, table size: 8
	.bss: load addr=00000218, load size=00000008 bytes, run addr=20000000, run size=00000010 bytes, compression=zero_init


LINKER GENERATED HANDLER TABLE

__TI_handler_table @ 00000220 records: 1, size/record: 4, table size: 4
	index: 0, handler: __TI_zero_init


GLOBAL SYMBOLS: SORTED ALPHABETICALLY BY Name 

address   name                          
-------   ----                          
00000211  ADC0_IRQHandler               
0000020c  C$$EXIT                       
000001fb  DL_Common_delayCycles         
00000211  DMA_IRQHandler                
00000211  Default_Handler               
00000211  GROUP0_IRQHandler             
00000211  GROUP1_IRQHandler             
00000211  HardFault_Handler             
00000211  I2C0_IRQHandler               
00000211  I2C1_IRQHandler               
00000211  NMI_Handler                   
00000211  PendSV_Handler                
00000205  Reset_Handler                 
00000211  SPI0_IRQHandler               
00000211  SVC_Handler                   
00000213  SYSCFG_DL_GPIO_init           
00000191  SYSCFG_DL_SYSCTL_init         
000001eb  SYSCFG_DL_init                
000001b5  SYSCFG_DL_initPower           
00000211  SysTick_Handler               
00000211  TIMG0_IRQHandler              
00000211  TIMG1_IRQHandler              
00000211  TIMG2_IRQHandler              
00000211  TIMG4_IRQHandler              
00000211  UART0_IRQHandler              
00000211  UART1_IRQHandler              
00000139  _IQ24toF                      
20001000  __STACK_END                   
00000100  __STACK_SIZE                  
00000000  __TI_ATRegion0_region_sz      
00000000  __TI_ATRegion0_src_addr       
00000000  __TI_ATRegion0_trg_addr       
00000000  __TI_ATRegion1_region_sz      
00000000  __TI_ATRegion1_src_addr       
00000000  __TI_ATRegion1_trg_addr       
00000000  __TI_ATRegion2_region_sz      
00000000  __TI_ATRegion2_src_addr       
00000000  __TI_ATRegion2_trg_addr       
00000224  __TI_CINIT_Base               
0000022c  __TI_CINIT_Limit              
0000022c  __TI_CINIT_Warm               
00000220  __TI_Handler_Table_Base       
00000224  __TI_Handler_Table_Limit      
000000fd  __TI_auto_init_nobinit_nopinit
ffffffff  __TI_pprof_out_hndl           
ffffffff  __TI_prof_data_size           
ffffffff  __TI_prof_data_start          
00000000  __TI_static_base__            
000001d5  __TI_zero_init_nomemset       
ffffffff  __binit__                     
UNDEFED   __mpu_init                    
20000f00  __stack                       
20000000  __start___llvm_prf_bits       
20000000  __start___llvm_prf_cnts       
20000000  __stop___llvm_prf_bits        
20000000  __stop___llvm_prf_cnts        
00000169  _c_int00_noargs               
UNDEFED   _system_post_cinit            
00000209  _system_pre_init              
0000020d  abort                         
ffffffff  binit                         
00000000  interruptVectors              
000000c1  main                          
20000000  qA                            
20000004  qB                            
20000008  qC                            
2000000c  res                           


GLOBAL SYMBOLS: SORTED BY Symbol Address 

address   name                          
-------   ----                          
00000000  __TI_ATRegion0_region_sz      
00000000  __TI_ATRegion0_src_addr       
00000000  __TI_ATRegion0_trg_addr       
00000000  __TI_ATRegion1_region_sz      
00000000  __TI_ATRegion1_src_addr       
00000000  __TI_ATRegion1_trg_addr       
00000000  __TI_ATRegion2_region_sz      
00000000  __TI_ATRegion2_src_addr       
00000000  __TI_ATRegion2_trg_addr       
00000000  __TI_static_base__            
00000000  interruptVectors              
000000c1  main                          
000000fd  __TI_auto_init_nobinit_nopinit
00000100  __STACK_SIZE                  
00000139  _IQ24toF                      
00000169  _c_int00_noargs               
00000191  SYSCFG_DL_SYSCTL_init         
000001b5  SYSCFG_DL_initPower           
000001d5  __TI_zero_init_nomemset       
000001eb  SYSCFG_DL_init                
000001fb  DL_Common_delayCycles         
00000205  Reset_Handler                 
00000209  _system_pre_init              
0000020c  C$$EXIT                       
0000020d  abort                         
00000211  ADC0_IRQHandler               
00000211  DMA_IRQHandler                
00000211  Default_Handler               
00000211  GROUP0_IRQHandler             
00000211  GROUP1_IRQHandler             
00000211  HardFault_Handler             
00000211  I2C0_IRQHandler               
00000211  I2C1_IRQHandler               
00000211  NMI_Handler                   
00000211  PendSV_Handler                
00000211  SPI0_IRQHandler               
00000211  SVC_Handler                   
00000211  SysTick_Handler               
00000211  TIMG0_IRQHandler              
00000211  TIMG1_IRQHandler              
00000211  TIMG2_IRQHandler              
00000211  TIMG4_IRQHandler              
00000211  UART0_IRQHandler              
00000211  UART1_IRQHandler              
00000213  SYSCFG_DL_GPIO_init           
00000220  __TI_Handler_Table_Base       
00000224  __TI_CINIT_Base               
00000224  __TI_Handler_Table_Limit      
0000022c  __TI_CINIT_Limit              
0000022c  __TI_CINIT_Warm               
20000000  __start___llvm_prf_bits       
20000000  __start___llvm_prf_cnts       
20000000  __stop___llvm_prf_bits        
20000000  __stop___llvm_prf_cnts        
20000000  qA                            
20000004  qB                            
20000008  qC                            
2000000c  res                           
20000f00  __stack                       
20001000  __STACK_END                   
ffffffff  __TI_pprof_out_hndl           
ffffffff  __TI_prof_data_size           
ffffffff  __TI_prof_data_start          
ffffffff  __binit__                     
ffffffff  binit                         
UNDEFED   __mpu_init                    
UNDEFED   _system_post_cinit            

[67 symbols]
