******************************************************************************
            TI ARM Clang Linker PC v3.2.2                      
******************************************************************************
>> Linked Fri May  2 13:06:26 2025

OUTPUT FILE NAME:   <empty_LP_MSPM0L1306_nortos_ticlang.out>
ENTRY POINT SYMBOL: "_c_int00_noargs"  address: 000001d5


MEMORY CONFIGURATION

         name            origin    length      used     unused   attr    fill
----------------------  --------  ---------  --------  --------  ----  --------
  FLASH                 00000000   0000fff8  00000398  0000fc60  R  X
  SRAM                  20000000   00001000  00000104  00000efc  RW X
  BCR_CONFIG            41c00000   00000080  00000000  00000080  R   
  BSL_CONFIG            41c00100   00000080  00000000  00000080  R   


SEGMENT ALLOCATION MAP

run origin  load origin   length   init length attrs members
----------  ----------- ---------- ----------- ----- -------
00000000    00000000    00000398   00000398    r-x
  00000000    00000000    000000c0   000000c0    r-- .intvecs
  000000c0    000000c0    000002c0   000002c0    r-x .text
  00000380    00000380    00000018   00000018    r-- .cinit
20000000    20000000    00000004   00000000    rw-
  20000000    20000000    00000004   00000000    rw- .bss
20000f00    20000f00    00000100   00000000    rw-
  20000f00    20000f00    00000100   00000000    rw- .stack


SECTION ALLOCATION MAP

 output                                  attributes/
section   page    origin      length       input sections
--------  ----  ----------  ----------   ----------------
.intvecs   0    00000000    000000c0     
                  00000000    000000c0     startup_mspm0l130x_ticlang.o (.intvecs)

.text      0    000000c0    000002c0     
                  000000c0    00000044     empty.o (.text.main)
                  00000104    0000003c     libc.a : autoinit.c.obj (.text:__TI_auto_init_nobinit_nopinit)
                  00000140    00000038     ti_msp_dl_config.o (.text.SYSCFG_DL_GPIO_init)
                  00000178    00000034     ti_msp_dl_config.o (.text.DL_GPIO_initDigitalInputFeatures)
                  000001ac    00000028     ti_msp_dl_config.o (.text.DL_Common_updateReg)
                  000001d4    00000028     libc.a : boot_cortex_m.c.obj (.text:_c_int00_noargs)
                  000001fc    00000020     ti_msp_dl_config.o (.text.SYSCFG_DL_initPower)
                  0000021c    0000001c     ti_msp_dl_config.o (.text.DL_SYSCTL_setMCLKDivider)
                  00000238    0000001c     ti_msp_dl_config.o (.text.DL_SYSCTL_setSYSOSCFreq)
                  00000254    0000001c     ti_msp_dl_config.o (.text.SYSCFG_DL_SYSCTL_init)
                  00000270    00000018     ti_msp_dl_config.o (.text.DL_GPIO_enableOutput)
                  00000288    00000018     ti_msp_dl_config.o (.text.DL_GPIO_enablePower)
                  000002a0    00000018     ti_msp_dl_config.o (.text.DL_GPIO_initDigitalOutput)
                  000002b8    00000018     ti_msp_dl_config.o (.text.DL_GPIO_reset)
                  000002d0    00000018     empty.o (.text.DL_GPIO_setPins)
                  000002e8    00000018     ti_msp_dl_config.o (.text.DL_SYSCTL_setBORThreshold)
                  00000300    00000016     empty.o (.text.DL_GPIO_readPins)
                  00000316    00000016     libc.a : copy_zero_init.c.obj (.text:decompress:ZI:__TI_zero_init_nomemset)
                  0000032c    00000014     empty.o (.text.DL_GPIO_clearPins)
                  00000340    00000014     ti_msp_dl_config.o (.text.DL_GPIO_clearPins)
                  00000354    00000010     ti_msp_dl_config.o (.text.SYSCFG_DL_init)
                  00000364    0000000a     driverlib.a : dl_common.o (.text.DL_Common_delayCycles)
                  0000036e    00000004     startup_mspm0l130x_ticlang.o (.text.Default_Handler)
                  00000372    00000004     startup_mspm0l130x_ticlang.o (.text.Reset_Handler)
                  00000376    00000004     libc.a : pre_init.c.obj (.text._system_pre_init)
                  0000037a    00000004            : exit.c.obj (.text:abort)
                  0000037e    00000002     --HOLE-- [fill = 0]

.cinit     0    00000380    00000018     
                  00000380    00000008     (.cinit..bss.load) [load image, compression = zero_init]
                  00000388    00000004     (__TI_handler_table)
                  0000038c    00000008     (__TI_cinit_table)
                  00000394    00000004     --HOLE-- [fill = 0]

.init_array 
*          0    00000000    00000000     UNINITIALIZED

.binit     0    00000000    00000000     

.bss       0    20000000    00000004     UNINITIALIZED
                  20000000    00000004     (.common:val)

.stack     0    20000f00    00000100     UNINITIALIZED
                  20000f00    00000004     libc.a : boot_cortex_m.c.obj (.stack)
                  20000f04    000000fc     --HOLE--

__llvm_prf_cnts 
*          0    20000000    00000000     UNINITIALIZED

__llvm_prf_bits 
*          0    20000000    00000000     UNINITIALIZED

MODULE SUMMARY

       Module                         code   ro data   rw data
       ------                         ----   -------   -------
    .\
       ti_msp_dl_config.o             420    0         0      
       startup_mspm0l130x_ticlang.o   8      192       0      
       empty.o                        134    0         4      
    +--+------------------------------+------+---------+---------+
       Total:                         562    192       4      
                                                              
    C:/ti/mspm0_sdk_2_01_00_03/source/ti/driverlib/lib/ticlang/m0p/mspm0l11xx_l13xx/driverlib.a
       dl_common.o                    10     0         0      
    +--+------------------------------+------+---------+---------+
       Total:                         10     0         0      
                                                              
    C:\ti\ccstheia140\ccs\tools\compiler\ti-cgt-armllvm_3.2.2.LTS\lib\armv6m-ti-none-eabi/c/libc.a
       autoinit.c.obj                 60     0         0      
       boot_cortex_m.c.obj            40     0         0      
       copy_zero_init.c.obj           22     0         0      
       exit.c.obj                     4      0         0      
       pre_init.c.obj                 4      0         0      
    +--+------------------------------+------+---------+---------+
       Total:                         130    0         0      
                                                              
       Stack:                         0      0         256    
       Linker Generated:              0      20        0      
    +--+------------------------------+------+---------+---------+
       Grand Total:                   702    212       260    


LINKER GENERATED COPY TABLES

__TI_cinit_table @ 0000038c records: 1, size/record: 8, table size: 8
	.bss: load addr=00000380, load size=00000008 bytes, run addr=20000000, run size=00000004 bytes, compression=zero_init


LINKER GENERATED HANDLER TABLE

__TI_handler_table @ 00000388 records: 1, size/record: 4, table size: 4
	index: 0, handler: __TI_zero_init


GLOBAL SYMBOLS: SORTED ALPHABETICALLY BY Name 

address   name                          
-------   ----                          
0000036f  ADC0_IRQHandler               
0000037a  C$$EXIT                       
00000365  DL_Common_delayCycles         
0000036f  DMA_IRQHandler                
0000036f  Default_Handler               
0000036f  GROUP0_IRQHandler             
0000036f  GROUP1_IRQHandler             
0000036f  HardFault_Handler             
0000036f  I2C0_IRQHandler               
0000036f  I2C1_IRQHandler               
0000036f  NMI_Handler                   
0000036f  PendSV_Handler                
00000373  Reset_Handler                 
0000036f  SPI0_IRQHandler               
0000036f  SVC_Handler                   
00000141  SYSCFG_DL_GPIO_init           
00000255  SYSCFG_DL_SYSCTL_init         
00000355  SYSCFG_DL_init                
000001fd  SYSCFG_DL_initPower           
0000036f  SysTick_Handler               
0000036f  TIMG0_IRQHandler              
0000036f  TIMG1_IRQHandler              
0000036f  TIMG2_IRQHandler              
0000036f  TIMG4_IRQHandler              
0000036f  UART0_IRQHandler              
0000036f  UART1_IRQHandler              
20001000  __STACK_END                   
00000100  __STACK_SIZE                  
00000000  __TI_ATRegion0_region_sz      
00000000  __TI_ATRegion0_src_addr       
00000000  __TI_ATRegion0_trg_addr       
00000000  __TI_ATRegion1_region_sz      
00000000  __TI_ATRegion1_src_addr       
00000000  __TI_ATRegion1_trg_addr       
00000000  __TI_ATRegion2_region_sz      
00000000  __TI_ATRegion2_src_addr       
00000000  __TI_ATRegion2_trg_addr       
0000038c  __TI_CINIT_Base               
00000394  __TI_CINIT_Limit              
00000394  __TI_CINIT_Warm               
00000388  __TI_Handler_Table_Base       
0000038c  __TI_Handler_Table_Limit      
00000105  __TI_auto_init_nobinit_nopinit
ffffffff  __TI_pprof_out_hndl           
ffffffff  __TI_prof_data_size           
ffffffff  __TI_prof_data_start          
00000000  __TI_static_base__            
00000317  __TI_zero_init_nomemset       
ffffffff  __binit__                     
UNDEFED   __mpu_init                    
20000f00  __stack                       
20000000  __start___llvm_prf_bits       
20000000  __start___llvm_prf_cnts       
20000000  __stop___llvm_prf_bits        
20000000  __stop___llvm_prf_cnts        
000001d5  _c_int00_noargs               
UNDEFED   _system_post_cinit            
00000377  _system_pre_init              
0000037b  abort                         
ffffffff  binit                         
00000000  interruptVectors              
000000c1  main                          
20000000  val                           


GLOBAL SYMBOLS: SORTED BY Symbol Address 

address   name                          
-------   ----                          
00000000  __TI_ATRegion0_region_sz      
00000000  __TI_ATRegion0_src_addr       
00000000  __TI_ATRegion0_trg_addr       
00000000  __TI_ATRegion1_region_sz      
00000000  __TI_ATRegion1_src_addr       
00000000  __TI_ATRegion1_trg_addr       
00000000  __TI_ATRegion2_region_sz      
00000000  __TI_ATRegion2_src_addr       
00000000  __TI_ATRegion2_trg_addr       
00000000  __TI_static_base__            
00000000  interruptVectors              
000000c1  main                          
00000100  __STACK_SIZE                  
00000105  __TI_auto_init_nobinit_nopinit
00000141  SYSCFG_DL_GPIO_init           
000001d5  _c_int00_noargs               
000001fd  SYSCFG_DL_initPower           
00000255  SYSCFG_DL_SYSCTL_init         
00000317  __TI_zero_init_nomemset       
00000355  SYSCFG_DL_init                
00000365  DL_Common_delayCycles         
0000036f  ADC0_IRQHandler               
0000036f  DMA_IRQHandler                
0000036f  Default_Handler               
0000036f  GROUP0_IRQHandler             
0000036f  GROUP1_IRQHandler             
0000036f  HardFault_Handler             
0000036f  I2C0_IRQHandler               
0000036f  I2C1_IRQHandler               
0000036f  NMI_Handler                   
0000036f  PendSV_Handler                
0000036f  SPI0_IRQHandler               
0000036f  SVC_Handler                   
0000036f  SysTick_Handler               
0000036f  TIMG0_IRQHandler              
0000036f  TIMG1_IRQHandler              
0000036f  TIMG2_IRQHandler              
0000036f  TIMG4_IRQHandler              
0000036f  UART0_IRQHandler              
0000036f  UART1_IRQHandler              
00000373  Reset_Handler                 
00000377  _system_pre_init              
0000037a  C$$EXIT                       
0000037b  abort                         
00000388  __TI_Handler_Table_Base       
0000038c  __TI_CINIT_Base               
0000038c  __TI_Handler_Table_Limit      
00000394  __TI_CINIT_Limit              
00000394  __TI_CINIT_Warm               
20000000  __start___llvm_prf_bits       
20000000  __start___llvm_prf_cnts       
20000000  __stop___llvm_prf_bits        
20000000  __stop___llvm_prf_cnts        
20000000  val                           
20000f00  __stack                       
20001000  __STACK_END                   
ffffffff  __TI_pprof_out_hndl           
ffffffff  __TI_prof_data_size           
ffffffff  __TI_prof_data_start          
ffffffff  __binit__                     
ffffffff  binit                         
UNDEFED   __mpu_init                    
UNDEFED   _system_post_cinit            

[63 symbols]
