******************************************************************************
            TI ARM Clang Linker PC v3.2.2                      
******************************************************************************
>> Linked Fri May  2 21:27:18 2025

OUTPUT FILE NAME:   <empty_LP_MSPM0L1306_nortos_ticlang.out>
ENTRY POINT SYMBOL: "_c_int00_noargs"  address: 000002f5


MEMORY CONFIGURATION

         name            origin    length      used     unused   attr    fill
----------------------  --------  ---------  --------  --------  ----  --------
  FLASH                 00000000   0000fff8  00000430  0000fbc8  R  X
  SRAM                  20000000   00001000  00000101  00000eff  RW X
  BCR_CONFIG            41c00000   00000080  00000000  00000080  R   
  BSL_CONFIG            41c00100   00000080  00000000  00000080  R   


SEGMENT ALLOCATION MAP

run origin  load origin   length   init length attrs members
----------  ----------- ---------- ----------- ----- -------
00000000    00000000    00000430   00000430    r-x
  00000000    00000000    000000c0   000000c0    r-- .intvecs
  000000c0    000000c0    00000348   00000348    r-x .text
  00000408    00000408    00000010   00000010    r-- .rodata
  00000418    00000418    00000018   00000018    r-- .cinit
20000000    20000000    00000001   00000000    rw-
  20000000    20000000    00000001   00000000    rw- .data
20000f00    20000f00    00000100   00000000    rw-
  20000f00    20000f00    00000100   00000000    rw- .stack


SECTION ALLOCATION MAP

 output                                  attributes/
section   page    origin      length       input sections
--------  ----  ----------  ----------   ----------------
.intvecs   0    00000000    000000c0     
                  00000000    000000c0     startup_mspm0l130x_ticlang.o (.intvecs)

.text      0    000000c0    00000348     
                  000000c0    0000009a     libc.a : memcpy16.S.obj (.text:memcpy)
                  0000015a    00000002     startup_mspm0l130x_ticlang.o (.text.Default_Handler)
                  0000015c    00000078     libc.a : copy_decompress_lzss.c.obj (.text:decompress:lzss)
                  000001d4    00000070     ti_msp_dl_config.o (.text.SYSCFG_DL_UART_0_init)
                  00000244    00000048     driverlib.a : dl_uart.o (.text.DL_UART_init)
                  0000028c    0000003c     libc.a : autoinit.c.obj (.text:__TI_auto_init_nobinit_nopinit)
                  000002c8    0000002c     ti_msp_dl_config.o (.text.SYSCFG_DL_initPower)
                  000002f4    00000028     libc.a : boot_cortex_m.c.obj (.text:_c_int00_noargs)
                  0000031c    00000024     ti_msp_dl_config.o (.text.SYSCFG_DL_SYSCTL_init)
                  00000340    00000020     driverlib.a : dl_uart.o (.text.DL_UART_transmitDataBlocking)
                  00000360    00000020     empty.o (.text.UART0_IRQHandler)
                  00000380    0000001c     empty.o (.text.main)
                  0000039c    00000014     ti_msp_dl_config.o (.text.SYSCFG_DL_GPIO_init)
                  000003b0    00000014     ti_msp_dl_config.o (.text.SYSCFG_DL_init)
                  000003c4    00000012     driverlib.a : dl_uart.o (.text.DL_UART_setClockConfig)
                  000003d6    00000012     libc.a : copy_decompress_none.c.obj (.text:decompress:none)
                  000003e8    0000000a     driverlib.a : dl_common.o (.text.DL_Common_delayCycles)
                  000003f2    00000002     --HOLE-- [fill = 0]
                  000003f4    00000008     libclang_rt.builtins.a : aeabi_memcpy.S.obj (.text.__aeabi_memcpy)
                  000003fc    00000004     startup_mspm0l130x_ticlang.o (.text.Reset_Handler)
                  00000400    00000004     libc.a : pre_init.c.obj (.text._system_pre_init)
                  00000404    00000004            : exit.c.obj (.text:abort)

.cinit     0    00000418    00000018     
                  00000418    00000008     (__TI_handler_table)
                  00000420    00000005     (.cinit..data.load) [load image, compression = lzss]
                  00000425    00000003     --HOLE-- [fill = 0]
                  00000428    00000008     (__TI_cinit_table)

.rodata    0    00000408    00000010     
                  00000408    0000000a     ti_msp_dl_config.o (.rodata.gUART_0Config)
                  00000412    00000002     ti_msp_dl_config.o (.rodata.gUART_0ClockConfig)
                  00000414    00000004     --HOLE-- [fill = 0]

.init_array 
*          0    00000000    00000000     UNINITIALIZED

.binit     0    00000000    00000000     

.data      0    20000000    00000001     UNINITIALIZED
                  20000000    00000001     empty.o (.data.str)

.stack     0    20000f00    00000100     UNINITIALIZED
                  20000f00    00000004     libc.a : boot_cortex_m.c.obj (.stack)
                  20000f04    000000fc     --HOLE--

__llvm_prf_cnts 
*          0    20000000    00000000     UNINITIALIZED

__llvm_prf_bits 
*          0    20000000    00000000     UNINITIALIZED

MODULE SUMMARY

       Module                         code   ro data   rw data
       ------                         ----   -------   -------
    .\
       ti_msp_dl_config.o             232    12        0      
       startup_mspm0l130x_ticlang.o   6      192       0      
       empty.o                        60     0         1      
    +--+------------------------------+------+---------+---------+
       Total:                         298    204       1      
                                                              
    C:/ti/mspm0_sdk_2_01_00_03/source/ti/driverlib/lib/ticlang/m0p/mspm0l11xx_l13xx/driverlib.a
       dl_uart.o                      122    0         0      
       dl_common.o                    10     0         0      
    +--+------------------------------+------+---------+---------+
       Total:                         132    0         0      
                                                              
    C:\ti\ccstheia140\ccs\tools\compiler\ti-cgt-armllvm_3.2.2.LTS\lib\armv6m-ti-none-eabi/c/libc.a
       memcpy16.S.obj                 154    0         0      
       copy_decompress_lzss.c.obj     120    0         0      
       autoinit.c.obj                 60     0         0      
       boot_cortex_m.c.obj            40     0         0      
       copy_decompress_none.c.obj     18     0         0      
       exit.c.obj                     4      0         0      
       pre_init.c.obj                 4      0         0      
    +--+------------------------------+------+---------+---------+
       Total:                         400    0         0      
                                                              
    C:\ti\ccstheia140\ccs\tools\compiler\ti-cgt-armllvm_3.2.2.LTS\lib\clang/15.0.7/lib/armv6m-ti-none-eabi/libclang_rt.builtins.a
       aeabi_memcpy.S.obj             8      0         0      
    +--+------------------------------+------+---------+---------+
       Total:                         8      0         0      
                                                              
       Stack:                         0      0         256    
       Linker Generated:              0      21        0      
    +--+------------------------------+------+---------+---------+
       Grand Total:                   838    225       257    


LINKER GENERATED COPY TABLES

__TI_cinit_table @ 00000428 records: 1, size/record: 8, table size: 8
	.data: load addr=00000420, load size=00000005 bytes, run addr=20000000, run size=00000001 bytes, compression=lzss


LINKER GENERATED HANDLER TABLE

__TI_handler_table @ 00000418 records: 2, size/record: 4, table size: 8
	index: 0, handler: __TI_decompress_lzss
	index: 1, handler: __TI_decompress_none


GLOBAL SYMBOLS: SORTED ALPHABETICALLY BY Name 

address   name                          
-------   ----                          
0000015b  ADC0_IRQHandler               
00000404  C$$EXIT                       
000003e9  DL_Common_delayCycles         
00000245  DL_UART_init                  
000003c5  DL_UART_setClockConfig        
00000341  DL_UART_transmitDataBlocking  
0000015b  DMA_IRQHandler                
0000015b  Default_Handler               
0000015b  GROUP0_IRQHandler             
0000015b  GROUP1_IRQHandler             
0000015b  HardFault_Handler             
0000015b  I2C0_IRQHandler               
0000015b  I2C1_IRQHandler               
0000015b  NMI_Handler                   
0000015b  PendSV_Handler                
000003fd  Reset_Handler                 
0000015b  SPI0_IRQHandler               
0000015b  SVC_Handler                   
0000039d  SYSCFG_DL_GPIO_init           
0000031d  SYSCFG_DL_SYSCTL_init         
000001d5  SYSCFG_DL_UART_0_init         
000003b1  SYSCFG_DL_init                
000002c9  SYSCFG_DL_initPower           
0000015b  SysTick_Handler               
0000015b  TIMG0_IRQHandler              
0000015b  TIMG1_IRQHandler              
0000015b  TIMG2_IRQHandler              
0000015b  TIMG4_IRQHandler              
00000361  UART0_IRQHandler              
0000015b  UART1_IRQHandler              
20001000  __STACK_END                   
00000100  __STACK_SIZE                  
00000000  __TI_ATRegion0_region_sz      
00000000  __TI_ATRegion0_src_addr       
00000000  __TI_ATRegion0_trg_addr       
00000000  __TI_ATRegion1_region_sz      
00000000  __TI_ATRegion1_src_addr       
00000000  __TI_ATRegion1_trg_addr       
00000000  __TI_ATRegion2_region_sz      
00000000  __TI_ATRegion2_src_addr       
00000000  __TI_ATRegion2_trg_addr       
00000428  __TI_CINIT_Base               
00000430  __TI_CINIT_Limit              
00000430  __TI_CINIT_Warm               
00000418  __TI_Handler_Table_Base       
00000420  __TI_Handler_Table_Limit      
0000028d  __TI_auto_init_nobinit_nopinit
0000015d  __TI_decompress_lzss          
000003d7  __TI_decompress_none          
ffffffff  __TI_pprof_out_hndl           
ffffffff  __TI_prof_data_size           
ffffffff  __TI_prof_data_start          
00000000  __TI_static_base__            
000003f5  __aeabi_memcpy                
000003f5  __aeabi_memcpy4               
000003f5  __aeabi_memcpy8               
ffffffff  __binit__                     
UNDEFED   __mpu_init                    
20000f00  __stack                       
20000000  __start___llvm_prf_bits       
20000000  __start___llvm_prf_cnts       
20000000  __stop___llvm_prf_bits        
20000000  __stop___llvm_prf_cnts        
000002f5  _c_int00_noargs               
UNDEFED   _system_post_cinit            
00000401  _system_pre_init              
00000405  abort                         
ffffffff  binit                         
00000000  interruptVectors              
00000381  main                          
000000c1  memcpy                        
20000000  str                           


GLOBAL SYMBOLS: SORTED BY Symbol Address 

address   name                          
-------   ----                          
00000000  __TI_ATRegion0_region_sz      
00000000  __TI_ATRegion0_src_addr       
00000000  __TI_ATRegion0_trg_addr       
00000000  __TI_ATRegion1_region_sz      
00000000  __TI_ATRegion1_src_addr       
00000000  __TI_ATRegion1_trg_addr       
00000000  __TI_ATRegion2_region_sz      
00000000  __TI_ATRegion2_src_addr       
00000000  __TI_ATRegion2_trg_addr       
00000000  __TI_static_base__            
00000000  interruptVectors              
000000c1  memcpy                        
00000100  __STACK_SIZE                  
0000015b  ADC0_IRQHandler               
0000015b  DMA_IRQHandler                
0000015b  Default_Handler               
0000015b  GROUP0_IRQHandler             
0000015b  GROUP1_IRQHandler             
0000015b  HardFault_Handler             
0000015b  I2C0_IRQHandler               
0000015b  I2C1_IRQHandler               
0000015b  NMI_Handler                   
0000015b  PendSV_Handler                
0000015b  SPI0_IRQHandler               
0000015b  SVC_Handler                   
0000015b  SysTick_Handler               
0000015b  TIMG0_IRQHandler              
0000015b  TIMG1_IRQHandler              
0000015b  TIMG2_IRQHandler              
0000015b  TIMG4_IRQHandler              
0000015b  UART1_IRQHandler              
0000015d  __TI_decompress_lzss          
000001d5  SYSCFG_DL_UART_0_init         
00000245  DL_UART_init                  
0000028d  __TI_auto_init_nobinit_nopinit
000002c9  SYSCFG_DL_initPower           
000002f5  _c_int00_noargs               
0000031d  SYSCFG_DL_SYSCTL_init         
00000341  DL_UART_transmitDataBlocking  
00000361  UART0_IRQHandler              
00000381  main                          
0000039d  SYSCFG_DL_GPIO_init           
000003b1  SYSCFG_DL_init                
000003c5  DL_UART_setClockConfig        
000003d7  __TI_decompress_none          
000003e9  DL_Common_delayCycles         
000003f5  __aeabi_memcpy                
000003f5  __aeabi_memcpy4               
000003f5  __aeabi_memcpy8               
000003fd  Reset_Handler                 
00000401  _system_pre_init              
00000404  C$$EXIT                       
00000405  abort                         
00000418  __TI_Handler_Table_Base       
00000420  __TI_Handler_Table_Limit      
00000428  __TI_CINIT_Base               
00000430  __TI_CINIT_Limit              
00000430  __TI_CINIT_Warm               
20000000  __start___llvm_prf_bits       
20000000  __start___llvm_prf_cnts       
20000000  __stop___llvm_prf_bits        
20000000  __stop___llvm_prf_cnts        
20000000  str                           
20000f00  __stack                       
20001000  __STACK_END                   
ffffffff  __TI_pprof_out_hndl           
ffffffff  __TI_prof_data_size           
ffffffff  __TI_prof_data_start          
ffffffff  __binit__                     
ffffffff  binit                         
UNDEFED   __mpu_init                    
UNDEFED   _system_post_cinit            

[72 symbols]
