******************************************************************************
            TI ARM Clang Linker PC v3.2.2                      
******************************************************************************
>> Linked Thu May  8 21:56:55 2025

OUTPUT FILE NAME:   <empty_LP_MSPM0L1306_nortos_ticlang.out>
ENTRY POINT SYMBOL: "_c_int00_noargs"  address: 00000859


MEMORY CONFIGURATION

         name            origin    length      used     unused   attr    fill
----------------------  --------  ---------  --------  --------  ----  --------
  FLASH                 00000000   0000fff8  00000a38  0000f5c0  R  X
  SRAM                  20000000   00001000  00000128  00000ed8  RW X
  BCR_CONFIG            41c00000   00000080  00000000  00000080  R   
  BSL_CONFIG            41c00100   00000080  00000000  00000080  R   


SEGMENT ALLOCATION MAP

run origin  load origin   length   init length attrs members
----------  ----------- ---------- ----------- ----- -------
00000000    00000000    00000a38   00000a38    r-x
  00000000    00000000    000000c0   000000c0    r-- .intvecs
  000000c0    000000c0    00000910   00000910    r-x .text
  000009d0    000009d0    00000050   00000050    r-- .rodata
  00000a20    00000a20    00000018   00000018    r-- .cinit
20000000    20000000    00000028   00000000    rw-
  20000000    20000000    00000028   00000000    rw- .data
20000f00    20000f00    00000100   00000000    rw-
  20000f00    20000f00    00000100   00000000    rw- .stack


SECTION ALLOCATION MAP

 output                                  attributes/
section   page    origin      length       input sections
--------  ----  ----------  ----------   ----------------
.intvecs   0    00000000    000000c0     
                  00000000    000000c0     startup_mspm0l130x_ticlang.o (.intvecs)

.text      0    000000c0    00000910     
                  000000c0    00000284     libc.a : _printfi.c.obj (.text:__TI_printfi_minimal)
                  00000344    000000f8     empty.o (.text.main)
                  0000043c    0000009a     libc.a : memcpy16.S.obj (.text:memcpy)
                  000004d6    00000002     startup_mspm0l130x_ticlang.o (.text.Default_Handler)
                  000004d8    00000088     ti_msp_dl_config.o (.text.SYSCFG_DL_ADC12_0_init)
                  00000560    00000078     libc.a : copy_decompress_lzss.c.obj (.text:decompress:lzss)
                  000005d8    00000062            : memset16.S.obj (.text:memset)
                  0000063a    00000002     libclang_rt.builtins.a : aeabi_div0.c.obj (.text.__aeabi_idiv0)
                  0000063c    00000060     ti_msp_dl_config.o (.text.SYSCFG_DL_UART_0_init)
                  0000069c    0000004c     driverlib.a : dl_dma.o (.text.DL_DMA_initChannel)
                  000006e8    00000048                 : dl_uart.o (.text.DL_UART_init)
                  00000730    00000040                 : dl_adc12.o (.text.DL_ADC12_setClockConfig)
                  00000770    00000040     libclang_rt.builtins.a : aeabi_uidivmod.S.obj (.text.__aeabi_uidivmod)
                  000007b0    0000003c     libc.a : autoinit.c.obj (.text:__TI_auto_init_nobinit_nopinit)
                  000007ec    00000038            : sprintf.c.obj (.text.sprintf)
                  00000824    00000034     ti_msp_dl_config.o (.text.SYSCFG_DL_initPower)
                  00000858    00000028     libc.a : boot_cortex_m.c.obj (.text:_c_int00_noargs)
                  00000880    00000024     ti_msp_dl_config.o (.text.SYSCFG_DL_SYSCTL_init)
                  000008a4    00000022     libc.a : memccpy.c.obj (.text.memccpy)
                  000008c6    00000002     --HOLE-- [fill = 0]
                  000008c8    00000020     driverlib.a : dl_uart.o (.text.DL_UART_transmitDataBlocking)
                  000008e8    00000020     ti_msp_dl_config.o (.text.SYSCFG_DL_DMA_CH0_init)
                  00000908    0000001c     ti_msp_dl_config.o (.text.SYSCFG_DL_init)
                  00000924    00000018     libc.a : sprintf.c.obj (.text._outs)
                  0000093c    00000014     ti_msp_dl_config.o (.text.SYSCFG_DL_GPIO_init)
                  00000950    00000012     driverlib.a : dl_uart.o (.text.DL_UART_setClockConfig)
                  00000962    00000012     libc.a : copy_decompress_none.c.obj (.text:decompress:none)
                  00000974    0000000e     libclang_rt.builtins.a : aeabi_memset.S.obj (.text.__aeabi_memset)
                  00000982    0000000e     libc.a : _printfi.c.obj (.text.strlen)
                  00000990    0000000c     libclang_rt.builtins.a : aeabi_memset.S.obj (.text.__aeabi_memclr)
                  0000099c    0000000a     driverlib.a : dl_common.o (.text.DL_Common_delayCycles)
                  000009a6    0000000a     libc.a : sprintf.c.obj (.text._outc)
                  000009b0    00000008     ti_msp_dl_config.o (.text.SYSCFG_DL_DMA_init)
                  000009b8    00000008     libclang_rt.builtins.a : aeabi_memcpy.S.obj (.text.__aeabi_memcpy)
                  000009c0    00000004     startup_mspm0l130x_ticlang.o (.text.Reset_Handler)
                  000009c4    00000004     libc.a : pre_init.c.obj (.text._system_pre_init)
                  000009c8    00000004            : exit.c.obj (.text:abort)
                  000009cc    00000004     --HOLE-- [fill = 0]

.cinit     0    00000a20    00000018     
                  00000a20    00000008     (.cinit..data.load) [load image, compression = lzss]
                  00000a28    00000008     (__TI_handler_table)
                  00000a30    00000008     (__TI_cinit_table)

.rodata    0    000009d0    00000050     
                  000009d0    00000018     ti_msp_dl_config.o (.rodata.gDMA_CH0Config)
                  000009e8    00000012     empty.o (.rodata.str1.92454112862644078121)
                  000009fa    00000011     libc.a : _printfi.c.obj (.rodata.str1.44690500295887128011)
                  00000a0b    00000001     --HOLE-- [fill = 0]
                  00000a0c    0000000a     ti_msp_dl_config.o (.rodata.gUART_0Config)
                  00000a16    00000002     ti_msp_dl_config.o (.rodata.gUART_0ClockConfig)
                  00000a18    00000008     ti_msp_dl_config.o (.rodata.gADC12_0ClockConfig)

.init_array 
*          0    00000000    00000000     UNINITIALIZED

.binit     0    00000000    00000000     

.data      0    20000000    00000028     UNINITIALIZED
                  20000000    00000028     empty.o (.data.adc_data)

.stack     0    20000f00    00000100     UNINITIALIZED
                  20000f00    00000004     libc.a : boot_cortex_m.c.obj (.stack)
                  20000f04    000000fc     --HOLE--

__llvm_prf_cnts 
*          0    20000000    00000000     UNINITIALIZED

__llvm_prf_bits 
*          0    20000000    00000000     UNINITIALIZED

MODULE SUMMARY

       Module                         code   ro data   rw data
       ------                         ----   -------   -------
    .\
       ti_msp_dl_config.o             408    44        0      
       empty.o                        248    18        40     
       startup_mspm0l130x_ticlang.o   6      192       0      
    +--+------------------------------+------+---------+---------+
       Total:                         662    254       40     
                                                              
    C:/ti/mspm0_sdk_2_01_00_03/source/ti/driverlib/lib/ticlang/m0p/mspm0l11xx_l13xx/driverlib.a
       dl_uart.o                      122    0         0      
       dl_dma.o                       76     0         0      
       dl_adc12.o                     64     0         0      
       dl_common.o                    10     0         0      
    +--+------------------------------+------+---------+---------+
       Total:                         272    0         0      
                                                              
    C:\ti\ccstheia140\ccs\tools\compiler\ti-cgt-armllvm_3.2.2.LTS\lib\armv6m-ti-none-eabi/c/libc.a
       _printfi.c.obj                 658    17        0      
       memcpy16.S.obj                 154    0         0      
       copy_decompress_lzss.c.obj     120    0         0      
       memset16.S.obj                 98     0         0      
       sprintf.c.obj                  90     0         0      
       autoinit.c.obj                 60     0         0      
       boot_cortex_m.c.obj            40     0         0      
       memccpy.c.obj                  34     0         0      
       copy_decompress_none.c.obj     18     0         0      
       exit.c.obj                     4      0         0      
       pre_init.c.obj                 4      0         0      
    +--+------------------------------+------+---------+---------+
       Total:                         1280   17        0      
                                                              
    C:\ti\ccstheia140\ccs\tools\compiler\ti-cgt-armllvm_3.2.2.LTS\lib\clang/15.0.7/lib/armv6m-ti-none-eabi/libclang_rt.builtins.a
       aeabi_uidivmod.S.obj           64     0         0      
       aeabi_memset.S.obj             26     0         0      
       aeabi_memcpy.S.obj             8      0         0      
       aeabi_div0.c.obj               2      0         0      
    +--+------------------------------+------+---------+---------+
       Total:                         100    0         0      
                                                              
       Stack:                         0      0         256    
       Linker Generated:              0      24        0      
    +--+------------------------------+------+---------+---------+
       Grand Total:                   2314   295       296    


LINKER GENERATED COPY TABLES

__TI_cinit_table @ 00000a30 records: 1, size/record: 8, table size: 8
	.data: load addr=00000a20, load size=00000008 bytes, run addr=20000000, run size=00000028 bytes, compression=lzss


LINKER GENERATED HANDLER TABLE

__TI_handler_table @ 00000a28 records: 2, size/record: 4, table size: 8
	index: 0, handler: __TI_decompress_lzss
	index: 1, handler: __TI_decompress_none


GLOBAL SYMBOLS: SORTED ALPHABETICALLY BY Name 

address   name                          
-------   ----                          
000004d7  ADC0_IRQHandler               
000009c8  C$$EXIT                       
00000731  DL_ADC12_setClockConfig       
0000099d  DL_Common_delayCycles         
0000069d  DL_DMA_initChannel            
000006e9  DL_UART_init                  
00000951  DL_UART_setClockConfig        
000008c9  DL_UART_transmitDataBlocking  
000004d7  DMA_IRQHandler                
000004d7  Default_Handler               
000004d7  GROUP0_IRQHandler             
000004d7  GROUP1_IRQHandler             
000004d7  HardFault_Handler             
000004d7  I2C0_IRQHandler               
000004d7  I2C1_IRQHandler               
000004d7  NMI_Handler                   
000004d7  PendSV_Handler                
000009c1  Reset_Handler                 
000004d7  SPI0_IRQHandler               
000004d7  SVC_Handler                   
000004d9  SYSCFG_DL_ADC12_0_init        
000008e9  SYSCFG_DL_DMA_CH0_init        
000009b1  SYSCFG_DL_DMA_init            
0000093d  SYSCFG_DL_GPIO_init           
00000881  SYSCFG_DL_SYSCTL_init         
0000063d  SYSCFG_DL_UART_0_init         
00000909  SYSCFG_DL_init                
00000825  SYSCFG_DL_initPower           
000004d7  SysTick_Handler               
000004d7  TIMG0_IRQHandler              
000004d7  TIMG1_IRQHandler              
000004d7  TIMG2_IRQHandler              
000004d7  TIMG4_IRQHandler              
000004d7  UART0_IRQHandler              
000004d7  UART1_IRQHandler              
20001000  __STACK_END                   
00000100  __STACK_SIZE                  
00000000  __TI_ATRegion0_region_sz      
00000000  __TI_ATRegion0_src_addr       
00000000  __TI_ATRegion0_trg_addr       
00000000  __TI_ATRegion1_region_sz      
00000000  __TI_ATRegion1_src_addr       
00000000  __TI_ATRegion1_trg_addr       
00000000  __TI_ATRegion2_region_sz      
00000000  __TI_ATRegion2_src_addr       
00000000  __TI_ATRegion2_trg_addr       
00000a30  __TI_CINIT_Base               
00000a38  __TI_CINIT_Limit              
00000a38  __TI_CINIT_Warm               
00000a28  __TI_Handler_Table_Base       
00000a30  __TI_Handler_Table_Limit      
000007b1  __TI_auto_init_nobinit_nopinit
00000561  __TI_decompress_lzss          
00000963  __TI_decompress_none          
ffffffff  __TI_pprof_out_hndl           
000000c1  __TI_printfi_minimal          
ffffffff  __TI_prof_data_size           
ffffffff  __TI_prof_data_start          
00000000  __TI_static_base__            
0000063b  __aeabi_idiv0                 
00000991  __aeabi_memclr                
00000991  __aeabi_memclr4               
00000991  __aeabi_memclr8               
000009b9  __aeabi_memcpy                
000009b9  __aeabi_memcpy4               
000009b9  __aeabi_memcpy8               
00000975  __aeabi_memset                
00000975  __aeabi_memset4               
00000975  __aeabi_memset8               
00000771  __aeabi_uidiv                 
00000771  __aeabi_uidivmod              
ffffffff  __binit__                     
UNDEFED   __mpu_init                    
20000f00  __stack                       
20000000  __start___llvm_prf_bits       
20000000  __start___llvm_prf_cnts       
20000000  __stop___llvm_prf_bits        
20000000  __stop___llvm_prf_cnts        
00000859  _c_int00_noargs               
UNDEFED   _system_post_cinit            
000009c5  _system_pre_init              
000009c9  abort                         
20000000  adc_data                      
ffffffff  binit                         
00000000  interruptVectors              
00000345  main                          
000008a5  memccpy                       
0000043d  memcpy                        
000005d9  memset                        
000007ed  sprintf                       


GLOBAL SYMBOLS: SORTED BY Symbol Address 

address   name                          
-------   ----                          
00000000  __TI_ATRegion0_region_sz      
00000000  __TI_ATRegion0_src_addr       
00000000  __TI_ATRegion0_trg_addr       
00000000  __TI_ATRegion1_region_sz      
00000000  __TI_ATRegion1_src_addr       
00000000  __TI_ATRegion1_trg_addr       
00000000  __TI_ATRegion2_region_sz      
00000000  __TI_ATRegion2_src_addr       
00000000  __TI_ATRegion2_trg_addr       
00000000  __TI_static_base__            
00000000  interruptVectors              
000000c1  __TI_printfi_minimal          
00000100  __STACK_SIZE                  
00000345  main                          
0000043d  memcpy                        
000004d7  ADC0_IRQHandler               
000004d7  DMA_IRQHandler                
000004d7  Default_Handler               
000004d7  GROUP0_IRQHandler             
000004d7  GROUP1_IRQHandler             
000004d7  HardFault_Handler             
000004d7  I2C0_IRQHandler               
000004d7  I2C1_IRQHandler               
000004d7  NMI_Handler                   
000004d7  PendSV_Handler                
000004d7  SPI0_IRQHandler               
000004d7  SVC_Handler                   
000004d7  SysTick_Handler               
000004d7  TIMG0_IRQHandler              
000004d7  TIMG1_IRQHandler              
000004d7  TIMG2_IRQHandler              
000004d7  TIMG4_IRQHandler              
000004d7  UART0_IRQHandler              
000004d7  UART1_IRQHandler              
000004d9  SYSCFG_DL_ADC12_0_init        
00000561  __TI_decompress_lzss          
000005d9  memset                        
0000063b  __aeabi_idiv0                 
0000063d  SYSCFG_DL_UART_0_init         
0000069d  DL_DMA_initChannel            
000006e9  DL_UART_init                  
00000731  DL_ADC12_setClockConfig       
00000771  __aeabi_uidiv                 
00000771  __aeabi_uidivmod              
000007b1  __TI_auto_init_nobinit_nopinit
000007ed  sprintf                       
00000825  SYSCFG_DL_initPower           
00000859  _c_int00_noargs               
00000881  SYSCFG_DL_SYSCTL_init         
000008a5  memccpy                       
000008c9  DL_UART_transmitDataBlocking  
000008e9  SYSCFG_DL_DMA_CH0_init        
00000909  SYSCFG_DL_init                
0000093d  SYSCFG_DL_GPIO_init           
00000951  DL_UART_setClockConfig        
00000963  __TI_decompress_none          
00000975  __aeabi_memset                
00000975  __aeabi_memset4               
00000975  __aeabi_memset8               
00000991  __aeabi_memclr                
00000991  __aeabi_memclr4               
00000991  __aeabi_memclr8               
0000099d  DL_Common_delayCycles         
000009b1  SYSCFG_DL_DMA_init            
000009b9  __aeabi_memcpy                
000009b9  __aeabi_memcpy4               
000009b9  __aeabi_memcpy8               
000009c1  Reset_Handler                 
000009c5  _system_pre_init              
000009c8  C$$EXIT                       
000009c9  abort                         
00000a28  __TI_Handler_Table_Base       
00000a30  __TI_CINIT_Base               
00000a30  __TI_Handler_Table_Limit      
00000a38  __TI_CINIT_Limit              
00000a38  __TI_CINIT_Warm               
20000000  __start___llvm_prf_bits       
20000000  __start___llvm_prf_cnts       
20000000  __stop___llvm_prf_bits        
20000000  __stop___llvm_prf_cnts        
20000000  adc_data                      
20000f00  __stack                       
20001000  __STACK_END                   
ffffffff  __TI_pprof_out_hndl           
ffffffff  __TI_prof_data_size           
ffffffff  __TI_prof_data_start          
ffffffff  __binit__                     
ffffffff  binit                         
UNDEFED   __mpu_init                    
UNDEFED   _system_post_cinit            

[90 symbols]
