******************************************************************************
            TI ARM Clang Linker PC v3.2.2                      
******************************************************************************
>> Linked Sat May 10 13:07:22 2025

OUTPUT FILE NAME:   <mspm0G3507_car.out>
ENTRY POINT SYMBOL: "_c_int00_noargs"  address: 00000b1d


MEMORY CONFIGURATION

         name            origin    length      used     unused   attr    fill
----------------------  --------  ---------  --------  --------  ----  --------
  FLASH                 00000000   00020000  00001740  0001e8c0  R  X
  SRAM                  20200000   00008000  0000025b  00007da5  RW X
  BCR_CONFIG            41c00000   00000080  00000000  00000080  R   
  BSL_CONFIG            41c00100   00000080  00000000  00000080  R   


SEGMENT ALLOCATION MAP

run origin  load origin   length   init length attrs members
----------  ----------- ---------- ----------- ----- -------
00000000    00000000    00001740   00001740    r-x
  00000000    00000000    000000c0   000000c0    r-- .intvecs
  000000c0    000000c0    00000df0   00000df0    r-x .text
  00000eb0    00000eb0    00000840   00000840    r-- .rodata
  000016f0    000016f0    00000050   00000050    r-- .cinit
20200000    20200000    0000005e   00000000    rw-
  20200000    20200000    00000031   00000000    rw- .bss
  20200034    20200034    0000002a   00000000    rw- .data
20207e00    20207e00    00000200   00000000    rw-
  20207e00    20207e00    00000200   00000000    rw- .stack


SECTION ALLOCATION MAP

 output                                  attributes/
section   page    origin      length       input sections
--------  ----  ----------  ----------   ----------------
.intvecs   0    00000000    000000c0     
                  00000000    000000c0     startup_mspm0g350x_ticlang.o (.intvecs)

.text      0    000000c0    00000df0     
                  000000c0    0000012c     oled.o (.text.I2C0_IRQHandler)
                  000001ec    00000118     oled.o (.text.OLED_ShowChar)
                  00000304    00000100     oled.o (.text.OLED_Init)
                  00000404    000000dc     oled.o (.text.OLED_WR_Byte)
                  000004e0    00000084     menu.o (.text.menuHandler)
                  00000564    00000078     libc.a : copy_decompress_lzss.c.obj (.text:decompress:lzss)
                  000005dc    00000070     oled.o (.text.OLED_ShowString)
                  0000064c    0000006c     ti_msp_dl_config.o (.text.SYSCFG_DL_GPIO_init)
                  000006b8    0000006a     oled.o (.text.OLED_Clear)
                  00000722    00000002     libclang_rt.builtins.a : aeabi_div0.c.obj (.text.__aeabi_idiv0)
                  00000724    00000068     key.o (.text.Key1_Monitor)
                  0000078c    0000005e     driverlib.a : dl_i2c.o (.text.DL_I2C_fillControllerTXFIFO)
                  000007ea    00000002     menu.o (.text.auto_control)
                  000007ec    00000058     key.o (.text.Key2_Monitor)
                  00000844    00000058     ti_msp_dl_config.o (.text.SYSCFG_DL_I2C_OLED_init)
                  0000089c    00000050     oled.o (.text.DL_I2C_startControllerTransfer)
                  000008ec    00000044     ti_msp_dl_config.o (.text.SYSCFG_DL_initPower)
                  00000930    00000040     libclang_rt.builtins.a : aeabi_uidivmod.S.obj (.text.__aeabi_uidivmod)
                  00000970    0000003c     ti_msp_dl_config.o (.text.DL_GPIO_initPeripheralInputFunctionFeatures)
                  000009ac    0000003c     oled.o (.text.OLED_Set_Pos)
                  000009e8    0000003c     libc.a : autoinit.c.obj (.text:__TI_auto_init_nobinit_nopinit)
                  00000a24    0000002c     oled.o (.text.__NVIC_EnableIRQ)
                  00000a50    0000002a     ti_msp_dl_config.o (.text.SYSCFG_DL_SYSCTL_init)
                  00000a7a    00000028     oled.o (.text.DL_Common_updateReg)
                  00000aa2    00000028     ti_msp_dl_config.o (.text.DL_Common_updateReg)
                  00000aca    00000002     menu.o (.text.hand_control)
                  00000acc    00000028     ti_msp_dl_config.o (.text.DL_I2C_setControllerRXFIFOThreshold)
                  00000af4    00000028     ti_msp_dl_config.o (.text.DL_I2C_setControllerTXFIFOThreshold)
                  00000b1c    00000028     libc.a : boot_cortex_m.c.obj (.text:_c_int00_noargs)
                  00000b44    00000026     ti_msp_dl_config.o (.text.DL_I2C_setAnalogGlitchFilterPulseWidth)
                  00000b6a    00000026     driverlib.a : dl_i2c.o (.text.DL_I2C_setClockConfig)
                  00000b90    0000001c     ti_msp_dl_config.o (.text.DL_GPIO_enableHiZ)
                  00000bac    0000001c     ti_msp_dl_config.o (.text.DL_GPIO_initDigitalInput)
                  00000bc8    0000001c     oled.o (.text.DL_I2C_disableInterrupt)
                  00000be4    0000001c     oled.o (.text.DL_I2C_isControllerRXFIFOEmpty)
                  00000c00    0000001c     ti_msp_dl_config.o (.text.DL_SYSCTL_setMCLKDivider)
                  00000c1c    0000001c     ti_msp_dl_config.o (.text.DL_SYSCTL_setSYSOSCFreq)
                  00000c38    0000001c     ti_msp_dl_config.o (.text.DL_SYSCTL_setULPCLKDivider)
                  00000c54    00000018     ti_msp_dl_config.o (.text.DL_GPIO_enableOutput)
                  00000c6c    00000018     ti_msp_dl_config.o (.text.DL_GPIO_enablePower)
                  00000c84    00000018     ti_msp_dl_config.o (.text.DL_GPIO_initDigitalOutput)
                  00000c9c    00000018     ti_msp_dl_config.o (.text.DL_GPIO_reset)
                  00000cb4    00000018     ti_msp_dl_config.o (.text.DL_I2C_enableAnalogGlitchFilter)
                  00000ccc    00000018     ti_msp_dl_config.o (.text.DL_I2C_enableController)
                  00000ce4    00000018     ti_msp_dl_config.o (.text.DL_I2C_enableControllerClockStretching)
                  00000cfc    00000018     ti_msp_dl_config.o (.text.DL_I2C_enablePower)
                  00000d14    00000018     ti_msp_dl_config.o (.text.DL_I2C_reset)
                  00000d2c    00000018     ti_msp_dl_config.o (.text.DL_I2C_setTimerPeriod)
                  00000d44    00000018     ti_msp_dl_config.o (.text.DL_SYSCTL_setBORThreshold)
                  00000d5c    00000018     main.o (.text.main)
                  00000d74    00000016     key.o (.text.DL_GPIO_readPins)
                  00000d8a    00000016     delay.o (.text.delay_ms)
                  00000da0    00000016     libc.a : copy_zero_init.c.obj (.text:decompress:ZI:__TI_zero_init_nomemset)
                  00000db6    00000014     ti_msp_dl_config.o (.text.DL_GPIO_clearPins)
                  00000dca    00000002     menu.o (.text.set_Threshold)
                  00000dcc    00000014     oled.o (.text.DL_I2C_getControllerStatus)
                  00000de0    00000014     oled.o (.text.DL_I2C_receiveControllerData)
                  00000df4    00000014     ti_msp_dl_config.o (.text.DL_I2C_resetControllerTransfer)
                  00000e08    00000014     ti_msp_dl_config.o (.text.DL_SYSCTL_disableSYSPLL)
                  00000e1c    00000014     ti_msp_dl_config.o (.text.SYSCFG_DL_init)
                  00000e30    00000012     oled.o (.text.DL_I2C_getPendingInterrupt)
                  00000e42    00000012     libc.a : memcpy16.S.obj (.text:TI_memcpy_small)
                  00000e54    00000012            : copy_decompress_none.c.obj (.text:decompress:none)
                  00000e66    00000002     menu.o (.text.show_statu)
                  00000e68    00000010     ti_msp_dl_config.o (.text.DL_SYSCTL_disableHFXT)
                  00000e78    00000010     menu.o (.text.Menu_Car)
                  00000e88    0000000a     driverlib.a : dl_common.o (.text.DL_Common_delayCycles)
                  00000e92    00000002     --HOLE-- [fill = 0]
                  00000e94    00000008     libclang_rt.builtins.a : aeabi_memcpy.S.obj (.text.__aeabi_memcpy)
                  00000e9c    00000004     startup_mspm0g350x_ticlang.o (.text.Default_Handler)
                  00000ea0    00000004     startup_mspm0g350x_ticlang.o (.text.Reset_Handler)
                  00000ea4    00000004     libc.a : pre_init.c.obj (.text._system_pre_init)
                  00000ea8    00000004            : exit.c.obj (.text:abort)
                  00000eac    00000004     --HOLE-- [fill = 0]

.cinit     0    000016f0    00000050     
                  000016f0    0000002c     (.cinit..data.load) [load image, compression = lzss]
                  0000171c    0000000c     (__TI_handler_table)
                  00001728    00000008     (.cinit..bss.load) [load image, compression = zero_init]
                  00001730    00000010     (__TI_cinit_table)

.rodata    0    00000eb0    00000840     
                  00000eb0    000005f0     oled.o (.rodata.asc2_1608)
                  000014a0    00000228     oled.o (.rodata.asc2_0806)
                  000016c8    00000008     menu.o (.rodata.str1.124599926241840152841)
                  000016d0    00000007     menu.o (.rodata.str1.121889690697613974651)
                  000016d7    00000007     menu.o (.rodata.str1.152673557482100367961)
                  000016de    00000007     menu.o (.rodata.str1.60267781811400412721)
                  000016e5    00000006     menu.o (.rodata.str1.96477042441906903411)
                  000016eb    00000002     ti_msp_dl_config.o (.rodata.gI2C_OLEDClockConfig)
                  000016ed    00000003     --HOLE-- [fill = 0]

.init_array 
*          0    00000000    00000000     UNINITIALIZED

.binit     0    00000000    00000000     

.bss       0    20200000    00000031     UNINITIALIZED
                  20200000    00000010     (.common:gRxPacket)
                  20200010    00000010     (.common:gTxPacket)
                  20200020    00000004     (.common:gRxCount)
                  20200024    00000004     (.common:gRxLen)
                  20200028    00000004     (.common:gTxCount)
                  2020002c    00000004     (.common:gTxLen)
                  20200030    00000001     (.common:gI2cControllerStatus)

.data      0    20200034    0000002a     UNINITIALIZED
                  20200034    00000020     menu.o (.data.mainMenuItems)
                  20200054    00000008     menu.o (.data.mainMenu)
                  2020005c    00000001     key.o (.data.Key1_Monitor.count)
                  2020005d    00000001     key.o (.data.Key2_Monitor.flag)

.stack     0    20207e00    00000200     UNINITIALIZED
                  20207e00    00000004     libc.a : boot_cortex_m.c.obj (.stack)
                  20207e04    000001fc     --HOLE--

__llvm_prf_cnts 
*          0    20200000    00000000     UNINITIALIZED

__llvm_prf_bits 
*          0    20200000    00000000     UNINITIALIZED

MODULE SUMMARY

       Module                         code   ro data   rw data
       ------                         ----   -------   -------
    .\
       ti_msp_dl_config.o             1024   2         0      
       startup_mspm0g350x_ticlang.o   8      192       0      
       main.o                         24     0         0      
    +--+------------------------------+------+---------+---------+
       Total:                         1056   194       0      
                                                              
    .\Hardware\KEY\
       key.o                          214    0         2      
    +--+------------------------------+------+---------+---------+
       Total:                         214    0         2      
                                                              
    .\Hardware\MENU\
       menu.o                         156    35        40     
    +--+------------------------------+------+---------+---------+
       Total:                         156    35        40     
                                                              
    .\Hardware\OLED\
       oled.o                         1612   2072      49     
    +--+------------------------------+------+---------+---------+
       Total:                         1612   2072      49     
                                                              
    .\Hardware\delay\
       delay.o                        22     0         0      
    +--+------------------------------+------+---------+---------+
       Total:                         22     0         0      
                                                              
    C:/ti/mspm0_sdk_2_01_00_03/source/ti/driverlib/lib/ticlang/m0p/mspm0g1x0x_g3x0x/driverlib.a
       dl_i2c.o                       132    0         0      
       dl_common.o                    10     0         0      
    +--+------------------------------+------+---------+---------+
       Total:                         142    0         0      
                                                              
    C:\ti\ccstheia140\ccs\tools\compiler\ti-cgt-armllvm_3.2.2.LTS\lib\armv6m-ti-none-eabi/c/libc.a
       copy_decompress_lzss.c.obj     120    0         0      
       autoinit.c.obj                 60     0         0      
       boot_cortex_m.c.obj            40     0         0      
       copy_zero_init.c.obj           22     0         0      
       copy_decompress_none.c.obj     18     0         0      
       memcpy16.S.obj                 18     0         0      
       exit.c.obj                     4      0         0      
       pre_init.c.obj                 4      0         0      
    +--+------------------------------+------+---------+---------+
       Total:                         286    0         0      
                                                              
    C:\ti\ccstheia140\ccs\tools\compiler\ti-cgt-armllvm_3.2.2.LTS\lib\clang/15.0.7/lib/armv6m-ti-none-eabi/libclang_rt.builtins.a
       aeabi_uidivmod.S.obj           64     0         0      
       aeabi_memcpy.S.obj             8      0         0      
       aeabi_div0.c.obj               2      0         0      
    +--+------------------------------+------+---------+---------+
       Total:                         74     0         0      
                                                              
       Stack:                         0      0         512    
       Linker Generated:              0      80        0      
    +--+------------------------------+------+---------+---------+
       Grand Total:                   3562   2381      603    


LINKER GENERATED COPY TABLES

__TI_cinit_table @ 00001730 records: 2, size/record: 8, table size: 16
	.data: load addr=000016f0, load size=0000002c bytes, run addr=20200034, run size=0000002a bytes, compression=lzss
	.bss: load addr=00001728, load size=00000008 bytes, run addr=20200000, run size=00000031 bytes, compression=zero_init


LINKER GENERATED HANDLER TABLE

__TI_handler_table @ 0000171c records: 3, size/record: 4, table size: 12
	index: 0, handler: __TI_decompress_lzss
	index: 1, handler: __TI_decompress_none
	index: 2, handler: __TI_zero_init


GLOBAL SYMBOLS: SORTED ALPHABETICALLY BY Name 

address   name                          
-------   ----                          
00000e9d  ADC0_IRQHandler               
00000e9d  ADC1_IRQHandler               
00000e9d  AES_IRQHandler                
00000ea8  C$$EXIT                       
00000e9d  CANFD0_IRQHandler             
00000e9d  DAC0_IRQHandler               
00000e89  DL_Common_delayCycles         
0000078d  DL_I2C_fillControllerTXFIFO   
00000b6b  DL_I2C_setClockConfig         
00000e9d  DMA_IRQHandler                
00000e9d  Default_Handler               
00000e9d  GROUP0_IRQHandler             
00000e9d  GROUP1_IRQHandler             
00000e9d  HardFault_Handler             
000000c1  I2C0_IRQHandler               
00000e9d  I2C1_IRQHandler               
00000725  Key1_Monitor                  
000007ed  Key2_Monitor                  
00000e79  Menu_Car                      
00000e9d  NMI_Handler                   
000006b9  OLED_Clear                    
00000305  OLED_Init                     
000009ad  OLED_Set_Pos                  
000001ed  OLED_ShowChar                 
000005dd  OLED_ShowString               
00000405  OLED_WR_Byte                  
00000e9d  PendSV_Handler                
00000e9d  RTC_IRQHandler                
00000ea1  Reset_Handler                 
00000e9d  SPI0_IRQHandler               
00000e9d  SPI1_IRQHandler               
00000e9d  SVC_Handler                   
0000064d  SYSCFG_DL_GPIO_init           
00000845  SYSCFG_DL_I2C_OLED_init       
00000a51  SYSCFG_DL_SYSCTL_init         
00000e1d  SYSCFG_DL_init                
000008ed  SYSCFG_DL_initPower           
00000e9d  SysTick_Handler               
00000e9d  TIMA0_IRQHandler              
00000e9d  TIMA1_IRQHandler              
00000e9d  TIMG0_IRQHandler              
00000e9d  TIMG12_IRQHandler             
00000e9d  TIMG6_IRQHandler              
00000e9d  TIMG7_IRQHandler              
00000e9d  TIMG8_IRQHandler              
00000e43  TI_memcpy_small               
00000e9d  UART0_IRQHandler              
00000e9d  UART1_IRQHandler              
00000e9d  UART2_IRQHandler              
00000e9d  UART3_IRQHandler              
20208000  __STACK_END                   
00000200  __STACK_SIZE                  
00000000  __TI_ATRegion0_region_sz      
00000000  __TI_ATRegion0_src_addr       
00000000  __TI_ATRegion0_trg_addr       
00000000  __TI_ATRegion1_region_sz      
00000000  __TI_ATRegion1_src_addr       
00000000  __TI_ATRegion1_trg_addr       
00000000  __TI_ATRegion2_region_sz      
00000000  __TI_ATRegion2_src_addr       
00000000  __TI_ATRegion2_trg_addr       
00001730  __TI_CINIT_Base               
00001740  __TI_CINIT_Limit              
00001740  __TI_CINIT_Warm               
0000171c  __TI_Handler_Table_Base       
00001728  __TI_Handler_Table_Limit      
000009e9  __TI_auto_init_nobinit_nopinit
00000565  __TI_decompress_lzss          
00000e55  __TI_decompress_none          
ffffffff  __TI_pprof_out_hndl           
ffffffff  __TI_prof_data_size           
ffffffff  __TI_prof_data_start          
00000000  __TI_static_base__            
00000da1  __TI_zero_init_nomemset       
00000723  __aeabi_idiv0                 
00000e95  __aeabi_memcpy                
00000e95  __aeabi_memcpy4               
00000e95  __aeabi_memcpy8               
00000931  __aeabi_uidiv                 
00000931  __aeabi_uidivmod              
ffffffff  __binit__                     
UNDEFED   __mpu_init                    
20207e00  __stack                       
20200000  __start___llvm_prf_bits       
20200000  __start___llvm_prf_cnts       
20200000  __stop___llvm_prf_bits        
20200000  __stop___llvm_prf_cnts        
00000b1d  _c_int00_noargs               
UNDEFED   _system_post_cinit            
00000ea5  _system_pre_init              
00000ea9  abort                         
000014a0  asc2_0806                     
00000eb0  asc2_1608                     
000007eb  auto_control                  
ffffffff  binit                         
00000d8b  delay_ms                      
20200030  gI2cControllerStatus          
20200020  gRxCount                      
20200024  gRxLen                        
20200000  gRxPacket                     
20200028  gTxCount                      
2020002c  gTxLen                        
20200010  gTxPacket                     
00000acb  hand_control                  
00000000  interruptVectors              
00000d5d  main                          
20200054  mainMenu                      
20200034  mainMenuItems                 
000004e1  menuHandler                   
00000dcb  set_Threshold                 
00000e67  show_statu                    


GLOBAL SYMBOLS: SORTED BY Symbol Address 

address   name                          
-------   ----                          
00000000  __TI_ATRegion0_region_sz      
00000000  __TI_ATRegion0_src_addr       
00000000  __TI_ATRegion0_trg_addr       
00000000  __TI_ATRegion1_region_sz      
00000000  __TI_ATRegion1_src_addr       
00000000  __TI_ATRegion1_trg_addr       
00000000  __TI_ATRegion2_region_sz      
00000000  __TI_ATRegion2_src_addr       
00000000  __TI_ATRegion2_trg_addr       
00000000  __TI_static_base__            
00000000  interruptVectors              
000000c1  I2C0_IRQHandler               
000001ed  OLED_ShowChar                 
00000200  __STACK_SIZE                  
00000305  OLED_Init                     
00000405  OLED_WR_Byte                  
000004e1  menuHandler                   
00000565  __TI_decompress_lzss          
000005dd  OLED_ShowString               
0000064d  SYSCFG_DL_GPIO_init           
000006b9  OLED_Clear                    
00000723  __aeabi_idiv0                 
00000725  Key1_Monitor                  
0000078d  DL_I2C_fillControllerTXFIFO   
000007eb  auto_control                  
000007ed  Key2_Monitor                  
00000845  SYSCFG_DL_I2C_OLED_init       
000008ed  SYSCFG_DL_initPower           
00000931  __aeabi_uidiv                 
00000931  __aeabi_uidivmod              
000009ad  OLED_Set_Pos                  
000009e9  __TI_auto_init_nobinit_nopinit
00000a51  SYSCFG_DL_SYSCTL_init         
00000acb  hand_control                  
00000b1d  _c_int00_noargs               
00000b6b  DL_I2C_setClockConfig         
00000d5d  main                          
00000d8b  delay_ms                      
00000da1  __TI_zero_init_nomemset       
00000dcb  set_Threshold                 
00000e1d  SYSCFG_DL_init                
00000e43  TI_memcpy_small               
00000e55  __TI_decompress_none          
00000e67  show_statu                    
00000e79  Menu_Car                      
00000e89  DL_Common_delayCycles         
00000e95  __aeabi_memcpy                
00000e95  __aeabi_memcpy4               
00000e95  __aeabi_memcpy8               
00000e9d  ADC0_IRQHandler               
00000e9d  ADC1_IRQHandler               
00000e9d  AES_IRQHandler                
00000e9d  CANFD0_IRQHandler             
00000e9d  DAC0_IRQHandler               
00000e9d  DMA_IRQHandler                
00000e9d  Default_Handler               
00000e9d  GROUP0_IRQHandler             
00000e9d  GROUP1_IRQHandler             
00000e9d  HardFault_Handler             
00000e9d  I2C1_IRQHandler               
00000e9d  NMI_Handler                   
00000e9d  PendSV_Handler                
00000e9d  RTC_IRQHandler                
00000e9d  SPI0_IRQHandler               
00000e9d  SPI1_IRQHandler               
00000e9d  SVC_Handler                   
00000e9d  SysTick_Handler               
00000e9d  TIMA0_IRQHandler              
00000e9d  TIMA1_IRQHandler              
00000e9d  TIMG0_IRQHandler              
00000e9d  TIMG12_IRQHandler             
00000e9d  TIMG6_IRQHandler              
00000e9d  TIMG7_IRQHandler              
00000e9d  TIMG8_IRQHandler              
00000e9d  UART0_IRQHandler              
00000e9d  UART1_IRQHandler              
00000e9d  UART2_IRQHandler              
00000e9d  UART3_IRQHandler              
00000ea1  Reset_Handler                 
00000ea5  _system_pre_init              
00000ea8  C$$EXIT                       
00000ea9  abort                         
00000eb0  asc2_1608                     
000014a0  asc2_0806                     
0000171c  __TI_Handler_Table_Base       
00001728  __TI_Handler_Table_Limit      
00001730  __TI_CINIT_Base               
00001740  __TI_CINIT_Limit              
00001740  __TI_CINIT_Warm               
20200000  __start___llvm_prf_bits       
20200000  __start___llvm_prf_cnts       
20200000  __stop___llvm_prf_bits        
20200000  __stop___llvm_prf_cnts        
20200000  gRxPacket                     
20200010  gTxPacket                     
20200020  gRxCount                      
20200024  gRxLen                        
20200028  gTxCount                      
2020002c  gTxLen                        
20200030  gI2cControllerStatus          
20200034  mainMenuItems                 
20200054  mainMenu                      
20207e00  __stack                       
20208000  __STACK_END                   
ffffffff  __TI_pprof_out_hndl           
ffffffff  __TI_prof_data_size           
ffffffff  __TI_prof_data_start          
ffffffff  __binit__                     
ffffffff  binit                         
UNDEFED   __mpu_init                    
UNDEFED   _system_post_cinit            

[111 symbols]
