******************************************************************************
            TI ARM Clang Linker PC v3.2.2                      
******************************************************************************
>> Linked Thu May  8 20:39:59 2025

OUTPUT FILE NAME:   <empty_LP_MSPM0L1306_nortos_ticlang.out>
ENTRY POINT SYMBOL: "_c_int00_noargs"  address: 000007dd


MEMORY CONFIGURATION

         name            origin    length      used     unused   attr    fill
----------------------  --------  ---------  --------  --------  ----  --------
  FLASH                 00000000   0000fff8  00000978  0000f680  R  X
  SRAM                  20000000   00001000  00000102  00000efe  RW X
  BCR_CONFIG            41c00000   00000080  00000000  00000080  R   
  BSL_CONFIG            41c00100   00000080  00000000  00000080  R   


SEGMENT ALLOCATION MAP

run origin  load origin   length   init length attrs members
----------  ----------- ---------- ----------- ----- -------
00000000    00000000    00000978   00000978    r-x
  00000000    00000000    000000c0   000000c0    r-- .intvecs
  000000c0    000000c0    00000868   00000868    r-x .text
  00000928    00000928    00000038   00000038    r-- .rodata
  00000960    00000960    00000018   00000018    r-- .cinit
20000000    20000000    00000002   00000000    rw-
  20000000    20000000    00000002   00000000    rw- .data
20000f00    20000f00    00000100   00000000    rw-
  20000f00    20000f00    00000100   00000000    rw- .stack


SECTION ALLOCATION MAP

 output                                  attributes/
section   page    origin      length       input sections
--------  ----  ----------  ----------   ----------------
.intvecs   0    00000000    000000c0     
                  00000000    000000c0     startup_mspm0l130x_ticlang.o (.intvecs)

.text      0    000000c0    00000868     
                  000000c0    00000284     libc.a : _printfi.c.obj (.text:__TI_printfi_minimal)
                  00000344    00000100     empty.o (.text.main)
                  00000444    0000009a     libc.a : memcpy16.S.obj (.text:memcpy)
                  000004de    00000002     startup_mspm0l130x_ticlang.o (.text.Default_Handler)
                  000004e0    00000078     libc.a : copy_decompress_lzss.c.obj (.text:decompress:lzss)
                  00000558    00000062            : memset16.S.obj (.text:memset)
                  000005ba    00000002     libclang_rt.builtins.a : aeabi_div0.c.obj (.text.__aeabi_idiv0)
                  000005bc    00000060     ti_msp_dl_config.o (.text.SYSCFG_DL_UART_0_init)
                  0000061c    00000050     ti_msp_dl_config.o (.text.SYSCFG_DL_ADC12_0_init)
                  0000066c    00000048     driverlib.a : dl_uart.o (.text.DL_UART_init)
                  000006b4    00000040                 : dl_adc12.o (.text.DL_ADC12_setClockConfig)
                  000006f4    00000040     libclang_rt.builtins.a : aeabi_uidivmod.S.obj (.text.__aeabi_uidivmod)
                  00000734    0000003c     libc.a : autoinit.c.obj (.text:__TI_auto_init_nobinit_nopinit)
                  00000770    00000038            : sprintf.c.obj (.text.sprintf)
                  000007a8    00000034     ti_msp_dl_config.o (.text.SYSCFG_DL_initPower)
                  000007dc    00000028     libc.a : boot_cortex_m.c.obj (.text:_c_int00_noargs)
                  00000804    00000024     ti_msp_dl_config.o (.text.SYSCFG_DL_SYSCTL_init)
                  00000828    00000022     libc.a : memccpy.c.obj (.text.memccpy)
                  0000084a    00000002     --HOLE-- [fill = 0]
                  0000084c    00000020     driverlib.a : dl_uart.o (.text.DL_UART_transmitDataBlocking)
                  0000086c    00000018     ti_msp_dl_config.o (.text.SYSCFG_DL_init)
                  00000884    00000018     libc.a : sprintf.c.obj (.text._outs)
                  0000089c    00000014     ti_msp_dl_config.o (.text.SYSCFG_DL_GPIO_init)
                  000008b0    00000012     driverlib.a : dl_uart.o (.text.DL_UART_setClockConfig)
                  000008c2    00000012     libc.a : copy_decompress_none.c.obj (.text:decompress:none)
                  000008d4    0000000e     libclang_rt.builtins.a : aeabi_memset.S.obj (.text.__aeabi_memset)
                  000008e2    0000000e     libc.a : _printfi.c.obj (.text.strlen)
                  000008f0    0000000c     libclang_rt.builtins.a : aeabi_memset.S.obj (.text.__aeabi_memclr)
                  000008fc    0000000a     driverlib.a : dl_common.o (.text.DL_Common_delayCycles)
                  00000906    0000000a     libc.a : sprintf.c.obj (.text._outc)
                  00000910    00000008     libclang_rt.builtins.a : aeabi_memcpy.S.obj (.text.__aeabi_memcpy)
                  00000918    00000004     startup_mspm0l130x_ticlang.o (.text.Reset_Handler)
                  0000091c    00000004     libc.a : pre_init.c.obj (.text._system_pre_init)
                  00000920    00000004            : exit.c.obj (.text:abort)
                  00000924    00000004     --HOLE-- [fill = 0]

.cinit     0    00000960    00000018     
                  00000960    00000008     (__TI_handler_table)
                  00000968    00000006     (.cinit..data.load) [load image, compression = lzss]
                  0000096e    00000002     --HOLE-- [fill = 0]
                  00000970    00000008     (__TI_cinit_table)

.rodata    0    00000928    00000038     
                  00000928    00000011     libc.a : _printfi.c.obj (.rodata.str1.44690500295887128011)
                  00000939    00000011     empty.o (.rodata.str1.92454112862644078121)
                  0000094a    0000000a     ti_msp_dl_config.o (.rodata.gUART_0Config)
                  00000954    00000008     ti_msp_dl_config.o (.rodata.gADC12_0ClockConfig)
                  0000095c    00000002     ti_msp_dl_config.o (.rodata.gUART_0ClockConfig)
                  0000095e    00000002     --HOLE-- [fill = 0]

.init_array 
*          0    00000000    00000000     UNINITIALIZED

.binit     0    00000000    00000000     

.data      0    20000000    00000002     UNINITIALIZED
                  20000000    00000002     empty.o (.data.adc_data)

.stack     0    20000f00    00000100     UNINITIALIZED
                  20000f00    00000004     libc.a : boot_cortex_m.c.obj (.stack)
                  20000f04    000000fc     --HOLE--

__llvm_prf_cnts 
*          0    20000000    00000000     UNINITIALIZED

__llvm_prf_bits 
*          0    20000000    00000000     UNINITIALIZED

MODULE SUMMARY

       Module                         code   ro data   rw data
       ------                         ----   -------   -------
    .\
       ti_msp_dl_config.o             308    20        0      
       empty.o                        256    17        2      
       startup_mspm0l130x_ticlang.o   6      192       0      
    +--+------------------------------+------+---------+---------+
       Total:                         570    229       2      
                                                              
    C:/ti/mspm0_sdk_2_01_00_03/source/ti/driverlib/lib/ticlang/m0p/mspm0l11xx_l13xx/driverlib.a
       dl_uart.o                      122    0         0      
       dl_adc12.o                     64     0         0      
       dl_common.o                    10     0         0      
    +--+------------------------------+------+---------+---------+
       Total:                         196    0         0      
                                                              
    C:\ti\ccstheia140\ccs\tools\compiler\ti-cgt-armllvm_3.2.2.LTS\lib\armv6m-ti-none-eabi/c/libc.a
       _printfi.c.obj                 658    17        0      
       memcpy16.S.obj                 154    0         0      
       copy_decompress_lzss.c.obj     120    0         0      
       memset16.S.obj                 98     0         0      
       sprintf.c.obj                  90     0         0      
       autoinit.c.obj                 60     0         0      
       boot_cortex_m.c.obj            40     0         0      
       memccpy.c.obj                  34     0         0      
       copy_decompress_none.c.obj     18     0         0      
       exit.c.obj                     4      0         0      
       pre_init.c.obj                 4      0         0      
    +--+------------------------------+------+---------+---------+
       Total:                         1280   17        0      
                                                              
    C:\ti\ccstheia140\ccs\tools\compiler\ti-cgt-armllvm_3.2.2.LTS\lib\clang/15.0.7/lib/armv6m-ti-none-eabi/libclang_rt.builtins.a
       aeabi_uidivmod.S.obj           64     0         0      
       aeabi_memset.S.obj             26     0         0      
       aeabi_memcpy.S.obj             8      0         0      
       aeabi_div0.c.obj               2      0         0      
    +--+------------------------------+------+---------+---------+
       Total:                         100    0         0      
                                                              
       Stack:                         0      0         256    
       Linker Generated:              0      22        0      
    +--+------------------------------+------+---------+---------+
       Grand Total:                   2146   268       258    


LINKER GENERATED COPY TABLES

__TI_cinit_table @ 00000970 records: 1, size/record: 8, table size: 8
	.data: load addr=00000968, load size=00000006 bytes, run addr=20000000, run size=00000002 bytes, compression=lzss


LINKER GENERATED HANDLER TABLE

__TI_handler_table @ 00000960 records: 2, size/record: 4, table size: 8
	index: 0, handler: __TI_decompress_lzss
	index: 1, handler: __TI_decompress_none


GLOBAL SYMBOLS: SORTED ALPHABETICALLY BY Name 

address   name                          
-------   ----                          
000004df  ADC0_IRQHandler               
00000920  C$$EXIT                       
000006b5  DL_ADC12_setClockConfig       
000008fd  DL_Common_delayCycles         
0000066d  DL_UART_init                  
000008b1  DL_UART_setClockConfig        
0000084d  DL_UART_transmitDataBlocking  
000004df  DMA_IRQHandler                
000004df  Default_Handler               
000004df  GROUP0_IRQHandler             
000004df  GROUP1_IRQHandler             
000004df  HardFault_Handler             
000004df  I2C0_IRQHandler               
000004df  I2C1_IRQHandler               
000004df  NMI_Handler                   
000004df  PendSV_Handler                
00000919  Reset_Handler                 
000004df  SPI0_IRQHandler               
000004df  SVC_Handler                   
0000061d  SYSCFG_DL_ADC12_0_init        
0000089d  SYSCFG_DL_GPIO_init           
00000805  SYSCFG_DL_SYSCTL_init         
000005bd  SYSCFG_DL_UART_0_init         
0000086d  SYSCFG_DL_init                
000007a9  SYSCFG_DL_initPower           
000004df  SysTick_Handler               
000004df  TIMG0_IRQHandler              
000004df  TIMG1_IRQHandler              
000004df  TIMG2_IRQHandler              
000004df  TIMG4_IRQHandler              
000004df  UART0_IRQHandler              
000004df  UART1_IRQHandler              
20001000  __STACK_END                   
00000100  __STACK_SIZE                  
00000000  __TI_ATRegion0_region_sz      
00000000  __TI_ATRegion0_src_addr       
00000000  __TI_ATRegion0_trg_addr       
00000000  __TI_ATRegion1_region_sz      
00000000  __TI_ATRegion1_src_addr       
00000000  __TI_ATRegion1_trg_addr       
00000000  __TI_ATRegion2_region_sz      
00000000  __TI_ATRegion2_src_addr       
00000000  __TI_ATRegion2_trg_addr       
00000970  __TI_CINIT_Base               
00000978  __TI_CINIT_Limit              
00000978  __TI_CINIT_Warm               
00000960  __TI_Handler_Table_Base       
00000968  __TI_Handler_Table_Limit      
00000735  __TI_auto_init_nobinit_nopinit
000004e1  __TI_decompress_lzss          
000008c3  __TI_decompress_none          
ffffffff  __TI_pprof_out_hndl           
000000c1  __TI_printfi_minimal          
ffffffff  __TI_prof_data_size           
ffffffff  __TI_prof_data_start          
00000000  __TI_static_base__            
000005bb  __aeabi_idiv0                 
000008f1  __aeabi_memclr                
000008f1  __aeabi_memclr4               
000008f1  __aeabi_memclr8               
00000911  __aeabi_memcpy                
00000911  __aeabi_memcpy4               
00000911  __aeabi_memcpy8               
000008d5  __aeabi_memset                
000008d5  __aeabi_memset4               
000008d5  __aeabi_memset8               
000006f5  __aeabi_uidiv                 
000006f5  __aeabi_uidivmod              
ffffffff  __binit__                     
UNDEFED   __mpu_init                    
20000f00  __stack                       
20000000  __start___llvm_prf_bits       
20000000  __start___llvm_prf_cnts       
20000000  __stop___llvm_prf_bits        
20000000  __stop___llvm_prf_cnts        
000007dd  _c_int00_noargs               
UNDEFED   _system_post_cinit            
0000091d  _system_pre_init              
00000921  abort                         
20000000  adc_data                      
ffffffff  binit                         
00000000  interruptVectors              
00000345  main                          
00000829  memccpy                       
00000445  memcpy                        
00000559  memset                        
00000771  sprintf                       


GLOBAL SYMBOLS: SORTED BY Symbol Address 

address   name                          
-------   ----                          
00000000  __TI_ATRegion0_region_sz      
00000000  __TI_ATRegion0_src_addr       
00000000  __TI_ATRegion0_trg_addr       
00000000  __TI_ATRegion1_region_sz      
00000000  __TI_ATRegion1_src_addr       
00000000  __TI_ATRegion1_trg_addr       
00000000  __TI_ATRegion2_region_sz      
00000000  __TI_ATRegion2_src_addr       
00000000  __TI_ATRegion2_trg_addr       
00000000  __TI_static_base__            
00000000  interruptVectors              
000000c1  __TI_printfi_minimal          
00000100  __STACK_SIZE                  
00000345  main                          
00000445  memcpy                        
000004df  ADC0_IRQHandler               
000004df  DMA_IRQHandler                
000004df  Default_Handler               
000004df  GROUP0_IRQHandler             
000004df  GROUP1_IRQHandler             
000004df  HardFault_Handler             
000004df  I2C0_IRQHandler               
000004df  I2C1_IRQHandler               
000004df  NMI_Handler                   
000004df  PendSV_Handler                
000004df  SPI0_IRQHandler               
000004df  SVC_Handler                   
000004df  SysTick_Handler               
000004df  TIMG0_IRQHandler              
000004df  TIMG1_IRQHandler              
000004df  TIMG2_IRQHandler              
000004df  TIMG4_IRQHandler              
000004df  UART0_IRQHandler              
000004df  UART1_IRQHandler              
000004e1  __TI_decompress_lzss          
00000559  memset                        
000005bb  __aeabi_idiv0                 
000005bd  SYSCFG_DL_UART_0_init         
0000061d  SYSCFG_DL_ADC12_0_init        
0000066d  DL_UART_init                  
000006b5  DL_ADC12_setClockConfig       
000006f5  __aeabi_uidiv                 
000006f5  __aeabi_uidivmod              
00000735  __TI_auto_init_nobinit_nopinit
00000771  sprintf                       
000007a9  SYSCFG_DL_initPower           
000007dd  _c_int00_noargs               
00000805  SYSCFG_DL_SYSCTL_init         
00000829  memccpy                       
0000084d  DL_UART_transmitDataBlocking  
0000086d  SYSCFG_DL_init                
0000089d  SYSCFG_DL_GPIO_init           
000008b1  DL_UART_setClockConfig        
000008c3  __TI_decompress_none          
000008d5  __aeabi_memset                
000008d5  __aeabi_memset4               
000008d5  __aeabi_memset8               
000008f1  __aeabi_memclr                
000008f1  __aeabi_memclr4               
000008f1  __aeabi_memclr8               
000008fd  DL_Common_delayCycles         
00000911  __aeabi_memcpy                
00000911  __aeabi_memcpy4               
00000911  __aeabi_memcpy8               
00000919  Reset_Handler                 
0000091d  _system_pre_init              
00000920  C$$EXIT                       
00000921  abort                         
00000960  __TI_Handler_Table_Base       
00000968  __TI_Handler_Table_Limit      
00000970  __TI_CINIT_Base               
00000978  __TI_CINIT_Limit              
00000978  __TI_CINIT_Warm               
20000000  __start___llvm_prf_bits       
20000000  __start___llvm_prf_cnts       
20000000  __stop___llvm_prf_bits        
20000000  __stop___llvm_prf_cnts        
20000000  adc_data                      
20000f00  __stack                       
20001000  __STACK_END                   
ffffffff  __TI_pprof_out_hndl           
ffffffff  __TI_prof_data_size           
ffffffff  __TI_prof_data_start          
ffffffff  __binit__                     
ffffffff  binit                         
UNDEFED   __mpu_init                    
UNDEFED   _system_post_cinit            

[87 symbols]
